/home/adailsilva/Apps/STMicroelectronics/STM32Cube_FW_WL_V1.2.0/Middlewares/Third_Party/LoRaWAN/Mac/Region/RegionAU915.c:79:13:VerifyRfFreq	8	static
/home/adailsilva/Apps/STMicroelectronics/STM32Cube_FW_WL_V1.2.0/Middlewares/Third_Party/LoRaWAN/Mac/Region/RegionAU915.c:104:20:GetTimeOnAir	32	static
/home/adailsilva/Apps/STMicroelectronics/STM32Cube_FW_WL_V1.2.0/Middlewares/Third_Party/LoRaWAN/Mac/Region/RegionAU915.c:113:12:RegionAU915GetPhyParam	32	static
/home/adailsilva/Apps/STMicroelectronics/STM32Cube_FW_WL_V1.2.0/Middlewares/Third_Party/LoRaWAN/Mac/Region/RegionAU915.c:373:6:RegionAU915SetBandTxDone	16	static
/home/adailsilva/Apps/STMicroelectronics/STM32Cube_FW_WL_V1.2.0/Middlewares/Third_Party/LoRaWAN/Mac/Region/RegionAU915.c:386:6:RegionAU915InitDefaults	32	static
/home/adailsilva/Apps/STMicroelectronics/STM32Cube_FW_WL_V1.2.0/Middlewares/Third_Party/LoRaWAN/Mac/Region/RegionAU915.c:487:6:RegionAU915Verify	8	static
/home/adailsilva/Apps/STMicroelectronics/STM32Cube_FW_WL_V1.2.0/Middlewares/Third_Party/LoRaWAN/Mac/Region/RegionAU915.c:537:6:RegionAU915ApplyCFList	12	static
/home/adailsilva/Apps/STMicroelectronics/STM32Cube_FW_WL_V1.2.0/Middlewares/Third_Party/LoRaWAN/Mac/Region/RegionAU915.c:567:6:RegionAU915ChanMaskSet	16	static
/home/adailsilva/Apps/STMicroelectronics/STM32Cube_FW_WL_V1.2.0/Middlewares/Third_Party/LoRaWAN/Mac/Region/RegionAU915.c:599:6:RegionAU915ComputeRxWindowParameters	32	static
/home/adailsilva/Apps/STMicroelectronics/STM32Cube_FW_WL_V1.2.0/Middlewares/Third_Party/LoRaWAN/Mac/Region/RegionAU915.c:614:6:RegionAU915RxConfig	72	static
/home/adailsilva/Apps/STMicroelectronics/STM32Cube_FW_WL_V1.2.0/Middlewares/Third_Party/LoRaWAN/Mac/Region/RegionAU915.c:664:6:RegionAU915TxConfig	88	static
/home/adailsilva/Apps/STMicroelectronics/STM32Cube_FW_WL_V1.2.0/Middlewares/Third_Party/LoRaWAN/Mac/Region/RegionAU915.c:700:9:RegionAU915LinkAdrReq	96	static
/home/adailsilva/Apps/STMicroelectronics/STM32Cube_FW_WL_V1.2.0/Middlewares/Third_Party/LoRaWAN/Mac/Region/RegionAU915.c:863:9:RegionAU915RxParamSetupReq	16	static
/home/adailsilva/Apps/STMicroelectronics/STM32Cube_FW_WL_V1.2.0/Middlewares/Third_Party/LoRaWAN/Mac/Region/RegionAU915.c:895:8:RegionAU915NewChannelReq	0	static
/home/adailsilva/Apps/STMicroelectronics/STM32Cube_FW_WL_V1.2.0/Middlewares/Third_Party/LoRaWAN/Mac/Region/RegionAU915.c:901:8:RegionAU915TxParamSetupReq	0	static
/home/adailsilva/Apps/STMicroelectronics/STM32Cube_FW_WL_V1.2.0/Middlewares/Third_Party/LoRaWAN/Mac/Region/RegionAU915.c:907:8:RegionAU915DlChannelReq	0	static
/home/adailsilva/Apps/STMicroelectronics/STM32Cube_FW_WL_V1.2.0/Middlewares/Third_Party/LoRaWAN/Mac/Region/RegionAU915.c:913:8:RegionAU915AlternateDr	0	static
/home/adailsilva/Apps/STMicroelectronics/STM32Cube_FW_WL_V1.2.0/Middlewares/Third_Party/LoRaWAN/Mac/Region/RegionAU915.c:942:17:RegionAU915NextChannel	168	static
/home/adailsilva/Apps/STMicroelectronics/STM32Cube_FW_WL_V1.2.0/Middlewares/Third_Party/LoRaWAN/Mac/Region/RegionAU915.c:1040:17:RegionAU915ChannelAdd	0	static
/home/adailsilva/Apps/STMicroelectronics/STM32Cube_FW_WL_V1.2.0/Middlewares/Third_Party/LoRaWAN/Mac/Region/RegionAU915.c:1045:6:RegionAU915ChannelsRemove	0	static
/home/adailsilva/Apps/STMicroelectronics/STM32Cube_FW_WL_V1.2.0/Middlewares/Third_Party/LoRaWAN/Mac/Region/RegionAU915.c:1066:9:RegionAU915ApplyDrOffset	0	static
/home/adailsilva/Apps/STMicroelectronics/STM32Cube_FW_WL_V1.2.0/Middlewares/Third_Party/LoRaWAN/Mac/Region/RegionAU915.c:1088:6:RegionAU915RxBeaconSetup	40	static
